******************************************************************************
                  TI ARM Linker PC v5.2.3                      
******************************************************************************
>> Linked Wed Jan 13 14:13:51 2016

OUTPUT FILE NAME:   <Bluetooth.out>
ENTRY POINT SYMBOL: "_c_int00"  address: 00003359


MEMORY CONFIGURATION

         name            origin    length      used     unused   attr    fill
----------------------  --------  ---------  --------  --------  ----  --------
  FLASH                 00000000   00040000  00003bd0  0003c430  R  X
  SRAM                  20000000   00008000  000002fc  00007d04  RW X


SEGMENT ALLOCATION MAP

run origin  load origin   length   init length attrs members
----------  ----------- ---------- ----------- ----- -------
00000000    00000000    00003bd0   00003bd0    r-x
  00000000    00000000    0000026c   0000026c    r-- .intvecs
  0000026c    0000026c    0000352c   0000352c    r-x .text
  00003798    00003798    000003d8   000003d8    r-- .const
  00003b70    00003b70    00000060   00000060    r-- .cinit
20000000    20000000    000002fc   00000000    rw-
  20000000    20000000    00000200   00000000    rw- .stack
  20000200    20000200    000000bc   00000000    rw- .data
  200002bc    200002bc    00000040   00000000    rw- .bss


SECTION ALLOCATION MAP

 output                                  attributes/
section   page    origin      length       input sections
--------  ----  ----------  ----------   ----------------
.intvecs   0    00000000    0000026c     
                  00000000    0000026c     tm4c123gh6pm_startup_ccs.obj (.intvecs)

.text      0    0000026c    0000352c     
                  0000026c    0000119c     EF_Bluetooth.obj (.text)
                  00001408    00000da4     EF_TIVA_DIO.obj (.text)
                  000021ac    0000049c     uartstdio.obj (.text)
                  00002648    0000039c     EF_TIVA_uart.obj (.text)
                  000029e4    00000230     EF_SpechialTIMER.obj (.text)
                  00002c14    00000130     driverlib.lib : gpio.obj (.text:GPIOPadConfigSet)
                  00002d44    00000118                   : sysctl.obj (.text:SysCtlClockGet)
                  00002e5c    000000f0                   : sysctl.obj (.text:SysCtlClockSet)
                  00002f4c    000000cc     main.obj (.text)
                  00003018    0000009c     rtsv7M4_T_le_v4SPD16_eabi.lib : memcpy_t2.obj (.text)
                  000030b4    00000094     EF_TIVA_Timer.obj (.text)
                  00003148    0000007a     rtsv7M4_T_le_v4SPD16_eabi.lib : memset_t2.obj (.text)
                  000031c2    00000002                                   : i_div0.obj (.text)
                  000031c4    0000006c                                   : autoinit.obj (.text)
                  00003230    0000006a                                   : copy_decompress_rle.obj (.text)
                  0000329a    00000002     --HOLE-- [fill = 0]
                  0000329c    00000060     driverlib.lib : interrupt.obj (.text:IntEnable)
                  000032fc    0000005c                   : timer.obj (.text:TimerConfigure)
                  00003358    00000050     rtsv7M4_T_le_v4SPD16_eabi.lib : boot.obj (.text)
                  000033a8    0000004c                                   : cpy_tbl.obj (.text)
                  000033f4    00000048     driverlib.lib : gpio.obj (.text:GPIOPinConfigure)
                  0000343c    00000048     std_types.obj (.text)
                  00003484    00000044     rtsv7M4_T_le_v4SPD16_eabi.lib : exit.obj (.text)
                  000034c8    00000040     driverlib.lib : uart.obj (.text:UARTConfigSetExpClk)
                  00003508    00000040     rtsv7M4_T_le_v4SPD16_eabi.lib : u_divt2.obj (.text)
                  00003548    00000034     driverlib.lib : sysctl.obj (.text:SysCtlPeripheralEnable)
                  0000357c    00000034                   : sysctl.obj (.text:SysCtlPeripheralPresent)
                  000035b0    0000002a                   : gpio.obj (.text:GPIODirModeSet)
                  000035da    00000026     rtsv7M4_T_le_v4SPD16_eabi.lib : strncmp.obj (.text)
                  00003600    0000001c     driverlib.lib : uart.obj (.text:UARTDisable)
                  0000361c    00000018                   : gpio.obj (.text:GPIOPinTypeGPIOOutput)
                  00003634    00000018     rtsv7M4_T_le_v4SPD16_eabi.lib : args_main.obj (.text)
                  0000364c    00000014     driverlib.lib : uart.obj (.text:UARTEnable)
                  00003660    00000014     rtsv7M4_T_le_v4SPD16_eabi.lib : _lock.obj (.text)
                  00003674    00000014                                   : strlen.obj (.text)
                  00003688    00000012     driverlib.lib : gpio.obj (.text:GPIOPinTypeGPIOInput)
                  0000369a    00000012                   : gpio.obj (.text:GPIOPinTypeUART)
                  000036ac    00000012                   : timer.obj (.text:TimerLoadSet)
                  000036be    00000012                   : timer.obj (.text:TimerPrescaleSet)
                  000036d0    0000000e                   : timer.obj (.text:TimerEnable)
                  000036de    0000000e                   : uart.obj (.text:UARTCharGetNonBlocking)
                  000036ec    0000000e                   : uart.obj (.text:UARTCharPutNonBlocking)
                  000036fa    0000000e     rtsv7M4_T_le_v4SPD16_eabi.lib : copy_decompress_none.obj (.text:decompress:none)
                  00003708    0000000c     driverlib.lib : cpu.obj (.text:CPUcpsie)
                  00003714    0000000c                   : uart.obj (.text:UARTCharsAvail)
                  00003720    0000000c                   : uart.obj (.text:UARTSpaceAvail)
                  0000372c    0000000c     rtsv7M4_T_le_v4SPD16_eabi.lib : copy_zero_init.obj (.text:decompress:ZI)
                  00003738    0000000c     tm4c123gh6pm_startup_ccs.obj (.text)
                  00003744    0000000a     driverlib.lib : interrupt.obj (.text:IntMasterEnable)
                  0000374e    0000000a                   : uart.obj (.text:UARTCharGet)
                  00003758    0000000a                   : uart.obj (.text:UARTCharPut)
                  00003762    00000008                   : timer.obj (.text:TimerIntEnable)
                  0000376a    00000008                   : uart.obj (.text:UARTIntEnable)
                  00003772    00000006                   : gpio.obj (.text:GPIOPinRead)
                  00003778    00000006                   : gpio.obj (.text:GPIOPinWrite)
                  0000377e    00000006                   : sysctl.obj (.text:SysCtlDelay)
                  00003784    00000006                   : uart.obj (.text:UARTClockSourceSet)
                  0000378a    00000006     rtsv7M4_T_le_v4SPD16_eabi.lib : copy_decompress_rle.obj (.text:decompress:rle24)
                  00003790    00000004     driverlib.lib : timer.obj (.text:TimerIntClear)
                  00003794    00000004     rtsv7M4_T_le_v4SPD16_eabi.lib : pre_init.obj (.text)

.const     0    00003798    000003d8     
                  00003798    000000e1     EF_Bluetooth.obj (.const:InitCommandsArray)
                  00003879    00000003     --HOLE-- [fill = 0]
                  0000387c    000000a8     EF_TIVA_uart.obj (.const:UART_PinConfiguration_Array)
                  00003924    00000090     driverlib.lib : gpio.obj (.const:g_pui32GPIOBaseAddrs)
                  000039b4    00000070                   : interrupt.obj (.const)
                  00003a24    0000006e     EF_Bluetooth.obj (.const:.string)
                  00003a92    00000002     --HOLE-- [fill = 0]
                  00003a94    0000006c     driverlib.lib : sysctl.obj (.const:g_pui32Xtals)
                  00003b00    00000030     EF_TIVA_uart.obj (.const)
                  00003b30    0000001c     uartstdio.obj (.const)
                  00003b4c    00000012     uartstdio.obj (.const:.string)
                  00003b5e    00000002     --HOLE-- [fill = 0]
                  00003b60    00000010     EF_Bluetooth.obj (.const)

.cinit     0    00003b70    00000060     
                  00003b70    00000037     (.cinit..data.load) [load image, compression = rle]
                  00003ba7    00000001     --HOLE-- [fill = 0]
                  00003ba8    0000000c     (__TI_handler_table)
                  00003bb4    00000004     --HOLE-- [fill = 0]
                  00003bb8    00000008     (.cinit..bss.load) [load image, compression = zero_init]
                  00003bc0    00000010     (__TI_cinit_table)

.init_array 
*          0    00000000    00000000     UNINITIALIZED

.stack     0    20000000    00000200     UNINITIALIZED
                  20000000    00000200     --HOLE--

.data      0    20000200    000000bc     UNINITIALIZED
                  20000200    00000064     EF_Bluetooth.obj (.data:ReturnedArray)
                  20000264    0000003c     EF_Bluetooth.obj (.data:CommuncationCommandsArray)
                  200002a0    00000008     rtsv7M4_T_le_v4SPD16_eabi.lib : _lock.obj (.data)
                  200002a8    00000008                                   : exit.obj (.data)
                  200002b0    00000005     uartstdio.obj (.data)
                  200002b5    00000003     --HOLE--
                  200002b8    00000004     rtsv7M4_T_le_v4SPD16_eabi.lib : stkdepth_vars.obj (.data)

.bss       0    200002bc    00000040     UNINITIALIZED
                  200002bc    0000003c     EF_SpechialTIMER.obj (.bss:timers_list)
                  200002f8    00000004     (.common:voidFuncPtr)

.TI.persistent 
*          0    20000200    00000000     UNINITIALIZED

.TI.noinit 
*          0    200002bc    00000000     UNINITIALIZED


LINKER GENERATED COPY TABLES

__TI_cinit_table @ 00003bc0 records: 2, size/record: 8, table size: 16
	.data: load addr=00003b70, load size=00000037 bytes, run addr=20000200, run size=000000bc bytes, compression=rle
	.bss: load addr=00003bb8, load size=00000008 bytes, run addr=200002bc, run size=00000040 bytes, compression=zero_init


LINKER GENERATED HANDLER TABLE

__TI_handler_table @ 00003ba8 records: 3, size/record: 4, table size: 12
	index: 0, handler: __TI_decompress_rle24
	index: 1, handler: __TI_decompress_none
	index: 2, handler: __TI_zero_init


GLOBAL SYMBOLS: SORTED ALPHABETICALLY BY Name 

address   name                                         
-------   ----                                         
00003485  C$$EXIT                                      
00003709  CPUcpsie                                     
20000264  CommuncationCommandsArray                    
00000e9d  EF_BOOLEAN_Bluetooth_DisConnect              
000002b5  EF_BOOLEAN_Bluetooth_GetCharArray            
000012bf  EF_BOOLEAN_Bluetooth_GetDataIfExist          
00000c99  EF_BOOLEAN_Bluetooth_MasterConnect           
00000b1d  EF_BOOLEAN_Bluetooth_MasterScan              
000005e5  EF_BOOLEAN_Bluetooth_ModuleInit              
00000373  EF_BOOLEAN_Bluetooth_ReadUntilExpectedKeyword
0000127f  EF_BOOLEAN_Bluetooth_SendData                
00002b61  EF_BOOLEAN_TimerCheck                        
00002803  EF_BOOLEAN_UART_CheckForRxData               
00002789  EF_BOOLEAN_UART_GetChar                      
0000281d  EF_BOOLEAN_UART_PutChar                      
00001a79  EF_S16_DIO_ReadPort                          
000020a3  EF_S8_DIO_CheckPin                           
00001c85  EF_S8_DIO_ClearPin                           
00001e13  EF_S8_DIO_ClearPort                          
00001409  EF_S8_DIO_InitPort                           
00001b55  EF_S8_DIO_SetPin                             
00001d6f  EF_S8_DIO_SetPort                            
00001ec1  EF_S8_DIO_TogglePin                          
000019c5  EF_S8_DIO_WritePort                          
000015a5  EF_S8_t_DIO_InitPin                          
00001811  EF_S8_t_DIO_InitSomePins                     
00001181  EF_u8_Bluetooth_GetModuleStatus              
00002899  EF_u8_UART_WaitChar                          
00002a6f  EF_void_TimerCreate                          
000029ed  EF_void_TimerDelete                          
00002a39  EF_void_TimerInit                            
00002be5  EF_void_TimerReset                           
00002b9d  EF_void_TimerStart                           
00002bc9  EF_void_TimerStop                            
000030b5  EF_void_Timer_PORTinit                       
00003117  EF_void_Timer_RemoveTimerISRCallBack         
00003107  EF_void_Timer_SetISRCallBack                 
00002ad1  EF_void_TimersUpdate                         
0000293d  EF_void_UART_HextoASCII                      
00002649  EF_void_UART_Init                            
000028bb  EF_void_UART_PutChar                         
000028dd  EF_void_UART_SendArray                       
000035b1  GPIODirModeSet                               
00002c15  GPIOPadConfigSet                             
000033f5  GPIOPinConfigure                             
00003773  GPIOPinRead                                  
00003689  GPIOPinTypeGPIOInput                         
0000361d  GPIOPinTypeGPIOOutput                        
0000369b  GPIOPinTypeUART                              
00003779  GPIOPinWrite                                 
00003b00  GPIO_SystCtlClock_Array                      
00003798  InitCommandsArray                            
0000329d  IntEnable                                    
00003745  IntMasterEnable                              
00003739  ResetISR                                     
20000200  ReturnedArray                                
UNDEFED   SHT$$INIT_ARRAY$$Base                        
UNDEFED   SHT$$INIT_ARRAY$$Limit                       
00002d45  SysCtlClockGet                               
00002e5d  SysCtlClockSet                               
0000377f  SysCtlDelay                                  
00003549  SysCtlPeripheralEnable                       
0000357d  SysCtlPeripheralPresent                      
000032fd  TimerConfigure                               
000036d1  TimerEnable                                  
00003791  TimerIntClear                                
00003763  TimerIntEnable                               
000036ad  TimerLoadSet                                 
000036bf  TimerPrescaleSet                             
0000311f  Timer_W0_ISR                                 
0000374f  UARTCharGet                                  
000036df  UARTCharGetNonBlocking                       
00003759  UARTCharPut                                  
000036ed  UARTCharPutNonBlocking                       
00003715  UARTCharsAvail                               
00003785  UARTClockSourceSet                           
000034c9  UARTConfigSetExpClk                          
00003601  UARTDisable                                  
0000364d  UARTEnable                                   
0000376b  UARTIntEnable                                
00003721  UARTSpaceAvail                               
000021ad  UARTStdioConfig                              
0000387c  UART_PinConfiguration_Array                  
00003b18  UART_SystCtlClock_Array                      
000022f3  UARTgetc                                     
00002239  UARTgets                                     
00002613  UARTprintf                                   
00002319  UARTvprintf                                  
000021f3  UARTwrite                                    
20000200  __STACK_END                                  
00000200  __STACK_SIZE                                 
20000200  __STACK_TOP                                  
00003bc0  __TI_CINIT_Base                              
00003bd0  __TI_CINIT_Limit                             
00003ba8  __TI_Handler_Table_Base                      
00003bb4  __TI_Handler_Table_Limit                     
000031c5  __TI_auto_init                               
200002a8  __TI_cleanup_ptr                             
000036fb  __TI_decompress_none                         
0000378b  __TI_decompress_rle24                        
200002ac  __TI_dtors_ptr                               
00000000  __TI_static_base__                           
0000372d  __TI_zero_init                               
000031c3  __aeabi_idiv0                                
00003149  __aeabi_memclr                               
00003149  __aeabi_memclr4                              
00003149  __aeabi_memclr8                              
00003019  __aeabi_memcpy                               
00003019  __aeabi_memcpy4                              
00003019  __aeabi_memcpy8                              
0000314b  __aeabi_memset                               
0000314b  __aeabi_memset4                              
0000314b  __aeabi_memset8                              
00003509  __aeabi_uidiv                                
00003509  __aeabi_uidivmod                             
ffffffff  __binit__                                    
ffffffff  __c_args__                                   
20000000  __stack                                      
00003635  _args_main                                   
00003359  _c_int00                                     
0000343d  _delay_ms                                    
0000345f  _delay_us                                    
200002a0  _lock                                        
0000366f  _nop                                         
00003667  _register_lock                               
00003661  _register_unlock                             
00003795  _system_pre_init                             
200002a4  _unlock                                      
00003489  abort                                        
ffffffff  binit                                        
000033a9  copy_in                                      
00003491  exit                                         
00000000  g_pfnVectors                                 
00002f4d  main                                         
200002b8  main_func_sp                                 
00003019  memcpy                                       
00003151  memset                                       
00003675  strlen                                       
000035db  strncmp                                      
0000026d  void_InitConsole                             
00002925  void_UART_Deinit                             


GLOBAL SYMBOLS: SORTED BY Symbol Address 

address   name                                         
-------   ----                                         
00000000  __TI_static_base__                           
00000000  g_pfnVectors                                 
00000200  __STACK_SIZE                                 
0000026d  void_InitConsole                             
000002b5  EF_BOOLEAN_Bluetooth_GetCharArray            
00000373  EF_BOOLEAN_Bluetooth_ReadUntilExpectedKeyword
000005e5  EF_BOOLEAN_Bluetooth_ModuleInit              
00000b1d  EF_BOOLEAN_Bluetooth_MasterScan              
00000c99  EF_BOOLEAN_Bluetooth_MasterConnect           
00000e9d  EF_BOOLEAN_Bluetooth_DisConnect              
00001181  EF_u8_Bluetooth_GetModuleStatus              
0000127f  EF_BOOLEAN_Bluetooth_SendData                
000012bf  EF_BOOLEAN_Bluetooth_GetDataIfExist          
00001409  EF_S8_DIO_InitPort                           
000015a5  EF_S8_t_DIO_InitPin                          
00001811  EF_S8_t_DIO_InitSomePins                     
000019c5  EF_S8_DIO_WritePort                          
00001a79  EF_S16_DIO_ReadPort                          
00001b55  EF_S8_DIO_SetPin                             
00001c85  EF_S8_DIO_ClearPin                           
00001d6f  EF_S8_DIO_SetPort                            
00001e13  EF_S8_DIO_ClearPort                          
00001ec1  EF_S8_DIO_TogglePin                          
000020a3  EF_S8_DIO_CheckPin                           
000021ad  UARTStdioConfig                              
000021f3  UARTwrite                                    
00002239  UARTgets                                     
000022f3  UARTgetc                                     
00002319  UARTvprintf                                  
00002613  UARTprintf                                   
00002649  EF_void_UART_Init                            
00002789  EF_BOOLEAN_UART_GetChar                      
00002803  EF_BOOLEAN_UART_CheckForRxData               
0000281d  EF_BOOLEAN_UART_PutChar                      
00002899  EF_u8_UART_WaitChar                          
000028bb  EF_void_UART_PutChar                         
000028dd  EF_void_UART_SendArray                       
00002925  void_UART_Deinit                             
0000293d  EF_void_UART_HextoASCII                      
000029ed  EF_void_TimerDelete                          
00002a39  EF_void_TimerInit                            
00002a6f  EF_void_TimerCreate                          
00002ad1  EF_void_TimersUpdate                         
00002b61  EF_BOOLEAN_TimerCheck                        
00002b9d  EF_void_TimerStart                           
00002bc9  EF_void_TimerStop                            
00002be5  EF_void_TimerReset                           
00002c15  GPIOPadConfigSet                             
00002d45  SysCtlClockGet                               
00002e5d  SysCtlClockSet                               
00002f4d  main                                         
00003019  __aeabi_memcpy                               
00003019  __aeabi_memcpy4                              
00003019  __aeabi_memcpy8                              
00003019  memcpy                                       
000030b5  EF_void_Timer_PORTinit                       
00003107  EF_void_Timer_SetISRCallBack                 
00003117  EF_void_Timer_RemoveTimerISRCallBack         
0000311f  Timer_W0_ISR                                 
00003149  __aeabi_memclr                               
00003149  __aeabi_memclr4                              
00003149  __aeabi_memclr8                              
0000314b  __aeabi_memset                               
0000314b  __aeabi_memset4                              
0000314b  __aeabi_memset8                              
00003151  memset                                       
000031c3  __aeabi_idiv0                                
000031c5  __TI_auto_init                               
0000329d  IntEnable                                    
000032fd  TimerConfigure                               
00003359  _c_int00                                     
000033a9  copy_in                                      
000033f5  GPIOPinConfigure                             
0000343d  _delay_ms                                    
0000345f  _delay_us                                    
00003485  C$$EXIT                                      
00003489  abort                                        
00003491  exit                                         
000034c9  UARTConfigSetExpClk                          
00003509  __aeabi_uidiv                                
00003509  __aeabi_uidivmod                             
00003549  SysCtlPeripheralEnable                       
0000357d  SysCtlPeripheralPresent                      
000035b1  GPIODirModeSet                               
000035db  strncmp                                      
00003601  UARTDisable                                  
0000361d  GPIOPinTypeGPIOOutput                        
00003635  _args_main                                   
0000364d  UARTEnable                                   
00003661  _register_unlock                             
00003667  _register_lock                               
0000366f  _nop                                         
00003675  strlen                                       
00003689  GPIOPinTypeGPIOInput                         
0000369b  GPIOPinTypeUART                              
000036ad  TimerLoadSet                                 
000036bf  TimerPrescaleSet                             
000036d1  TimerEnable                                  
000036df  UARTCharGetNonBlocking                       
000036ed  UARTCharPutNonBlocking                       
000036fb  __TI_decompress_none                         
00003709  CPUcpsie                                     
00003715  UARTCharsAvail                               
00003721  UARTSpaceAvail                               
0000372d  __TI_zero_init                               
00003739  ResetISR                                     
00003745  IntMasterEnable                              
0000374f  UARTCharGet                                  
00003759  UARTCharPut                                  
00003763  TimerIntEnable                               
0000376b  UARTIntEnable                                
00003773  GPIOPinRead                                  
00003779  GPIOPinWrite                                 
0000377f  SysCtlDelay                                  
00003785  UARTClockSourceSet                           
0000378b  __TI_decompress_rle24                        
00003791  TimerIntClear                                
00003795  _system_pre_init                             
00003798  InitCommandsArray                            
0000387c  UART_PinConfiguration_Array                  
00003b00  GPIO_SystCtlClock_Array                      
00003b18  UART_SystCtlClock_Array                      
00003ba8  __TI_Handler_Table_Base                      
00003bb4  __TI_Handler_Table_Limit                     
00003bc0  __TI_CINIT_Base                              
00003bd0  __TI_CINIT_Limit                             
20000000  __stack                                      
20000200  ReturnedArray                                
20000200  __STACK_END                                  
20000200  __STACK_TOP                                  
20000264  CommuncationCommandsArray                    
200002a0  _lock                                        
200002a4  _unlock                                      
200002a8  __TI_cleanup_ptr                             
200002ac  __TI_dtors_ptr                               
200002b8  main_func_sp                                 
ffffffff  __binit__                                    
ffffffff  __c_args__                                   
ffffffff  binit                                        
UNDEFED   SHT$$INIT_ARRAY$$Base                        
UNDEFED   SHT$$INIT_ARRAY$$Limit                       

[141 symbols]
